// Jest Snapshot v1, https://goo.gl/fbAQLP

exports[`should render edit expense page 1`] = `
<div>
  <h1>
    Expense Form
  </h1>
  <ExpenseForm
    expense={
      Object {
        "amount": 70200,
        "createdAt": -345600000,
        "description": "Rent",
        "id": "2",
        "note": "",
      }
    }
    onSubmit={[Function]}
    xmlns="http://www.w3.org/1999/xhtml"
  />
  <button
    onClick={[Function]}
  >
    Remove
  </button>
</div>
`;
